// Jest Snapshot v1, https://goo.gl/fbAQLP

exports[`Rockets components test check for proper rendering 1`] = `
<div
  className="rocketList"
/>
`;